// Jest Snapshot v1, https://goo.gl/fbAQLP

exports[`renders homepage unchanged 1`] = `
<div>
  <div
    class="container"
  >
    <main
      class="main"
    >
      <h1
        class="title"
      >
        Welcome to Bug Tracker
      </h1>
      <p
        class="description"
      >
        This is a web app to track tasks and issues in a software development project and to assign users who are governed by user roles that determine their access to functions.
      </p>
      <img
        alt="possible future version of said tracking app"
        src="https://bug-tracker-one.vercel.app/v0/page-project-with-tickets.png"
      />
    </main>
    <footer
      class="footer"
    >
      👨‍🎨
    </footer>
  </div>
</div>
`;
